exports[`Config PRO constants exist 1`] = `
Object {
  "API_URL": "http://myservicesdomain.com/api",
}
`;
