exports[`Modal constants exist 1`] = `
Object {
  "CLOSE_MODAL": "CLOSE_MODAL",
  "OPEN_MODAL": "OPEN_MODAL",
}
`;
